13:13:21 **** Incremental Build of configuration Debug for project RadarSenzor STM32 ****
make -j8 all 
arm-none-eabi-gcc "../Core/Src/main.c" -mcpu=cortex-m3 -std=gnu11 -g3 -DDEBUG -DUSE_HAL_DRIVER -DSTM32F103x6 -c -I../Core/Inc -I../Drivers/STM32F1xx_HAL_Driver/Inc/Legacy -I../Drivers/STM32F1xx_HAL_Driver/Inc -I../Drivers/CMSIS/Device/ST/STM32F1xx/Include -I../Drivers/CMSIS/Include -O0 -ffunction-sections -fdata-sections -Wall -fstack-usage -MMD -MP -MF"Core/Src/main.d" -MT"Core/Src/main.o" --specs=nano.specs -mfloat-abi=soft -mthumb -o "Core/Src/main.o"
arm-none-eabi-gcc -o "RadarSenzor STM32.elf" @"objects.list"   -mcpu=cortex-m3 -T"C:\Users\Lenovo E590\Desktop\Mikroprocesorski\Seminarski\RadarSenzor STM32\STM32F103C6TX_FLASH.ld" --specs=nosys.specs -Wl,-Map="RadarSenzor STM32.map" -Wl,--gc-sections -static --specs=nano.specs -mfloat-abi=soft -mthumb -Wl,--start-group -lc -lm -Wl,--end-group
Finished building target: RadarSenzor STM32.elf
 
arm-none-eabi-size   RadarSenzor\ STM32.elf 
arm-none-eabi-objdump -h -S  RadarSenzor\ STM32.elf  > "RadarSenzor STM32.list"
arm-none-eabi-objcopy  -O ihex  RadarSenzor\ STM32.elf  "RadarSenzor STM32.hex"
   text	   data	    bss	    dec	    hex	filename
   4748	     20	   1572	   6340	   18c4	RadarSenzor STM32.elf
arm-none-eabi-objcopy  -O binary  RadarSenzor\ STM32.elf  "RadarSenzor STM32.bin"
Finished building: default.size.stdout
 
Finished building: RadarSenzor STM32.hex
Finished building: RadarSenzor STM32.bin
 
Finished building: RadarSenzor STM32.list
 
 

13:13:22 Build Finished. 0 errors, 0 warnings. (took 1s.577ms)

